<generatedTop>
  <k>
    0.100000000e1f
  </k>
  <generatedCounter>
    0
  </generatedCounter>
</generatedTop>
