<generatedTop>
  <k>
    0.20000000000000000e1
  </k>
  <generatedCounter>
    0
  </generatedCounter>
</generatedTop>
