<generatedTop>
  <k>
    0.00000000000000000e0
  </k>
  <generatedCounter>
    0
  </generatedCounter>
</generatedTop>
