<generatedTop>
  <k>
    NaNf
  </k>
  <generatedCounter>
    0
  </generatedCounter>
</generatedTop>
