<generatedTop>
  <k>
    "0.800000000e1f"
  </k>
  <generatedCounter>
    0
  </generatedCounter>
</generatedTop>
