<generatedTop>
  <k>
    6
  </k>
  <stuff>
    <bar>
      0
    </bar>
  </stuff>
</generatedTop>
