<k>
  error ( #systemResult ( 1 , "(error \"line 1 column 13: unknown constant a\")\nsat\n" , "" ) )
</k>
