<generatedTop>
  <k>
    0
  </k>
  <map>
    <key>
      0
    </key> |-> <entry>
      <key>
        0
      </key>
      <value>
        0
      </value>
    </entry>
  </map>
  <vals> ListItem(true) ListItem(false) ListItem(1) </vals>
</generatedTop>
