Lblinit'LParUndsRParUnds'KOREOUT-SYNTAX'UndsUnds'Int{}(\dv{SortInt{}}("1"))
